<html>
<body>
<pre>
<h1>µVision Build Log</h1>
<h2>Project:</h2>
C:\Users\Python\Desktop\Mateusz Gibas\8f\ppo.uvproj
Project File Date:  03/26/2024

<h2>Output:</h2>
Rebuild target 'Target 1'
assembling Startup.s...
compiling led.cpp...
compiling main.cpp...
stepper.h(13): warning:  #1-D: last line of file ends without a newline
compiling stepper.cpp...
stepper.h(13): warning:  #1-D: last line of file ends without a newline
linking...
Program Size: Code=880 RO-data=32 RW-data=4 ZI-data=1260  
".\ppo.axf" - 0 Errors, 2 Warning(s).
Rebuild target 'Target 1'
assembling Startup.s...
compiling led.cpp...
compiling main.cpp...
compiling stepper.cpp...
linking...
Program Size: Code=880 RO-data=32 RW-data=4 ZI-data=1260  
".\ppo.axf" - 0 Errors, 0 Warning(s).
