<html>
<body>
<pre>
<h1>µVision Build Log</h1>
<h2>Project:</h2>
C:\Users\Python\Desktop\Mateusz Gibas\8f\ppo.uvproj
Project File Date:  03/26/2024

<h2>Output:</h2>
Rebuild target 'Target 1'
assembling Startup.s...
compiling led.cpp...
compiling main.cpp...
compiling stepper.cpp...
compiling keyboard.cpp...
Keyboard.h(10): error:  #20: identifier "class" is undefined
Keyboard.h(10): error:  #65: expected a ";"
Keyboard.h(14): warning:  #12-D: parsing restarts here after previous syntax error
compiling keyboard.c...
Keyboard.h(10): error:  #20: identifier "class" is undefined
Keyboard.h(10): error:  #65: expected a ";"
Keyboard.h(14): warning:  #12-D: parsing restarts here after previous syntax error
".\ppo.axf" - 4 Errors, 2 Warning(s).
Target not created
Rebuild target 'Target 1'
assembling Startup.s...
compiling led.cpp...
compiling main.cpp...
compiling stepper.cpp...
compiling keyboard.cpp...
Keyboard.h(10): error:  #20: identifier "class" is undefined
Keyboard.h(10): error:  #65: expected a ";"
Keyboard.h(14): warning:  #12-D: parsing restarts here after previous syntax error
compiling keyboard.c...
Keyboard.h(10): error:  #20: identifier "class" is undefined
Keyboard.h(10): error:  #65: expected a ";"
Keyboard.h(14): warning:  #12-D: parsing restarts here after previous syntax error
".\ppo.axf" - 4 Errors, 2 Warning(s).
Target not created
Rebuild target 'Target 1'
assembling Startup.s...
compiling led.cpp...
compiling main.cpp...
compiling stepper.cpp...
compiling keyboard.cpp...
linking...
Program Size: Code=888 RO-data=16 RW-data=0 ZI-data=1256  
".\ppo.axf" - 0 Errors, 0 Warning(s).
Rebuild target 'Target 1'
assembling Startup.s...
compiling led.cpp...
compiling main.cpp...
compiling stepper.cpp...
compiling keyboard.cpp...
linking...
Program Size: Code=840 RO-data=16 RW-data=0 ZI-data=1256  
".\ppo.axf" - 0 Errors, 0 Warning(s).
Rebuild target 'Target 1'
assembling Startup.s...
compiling led.cpp...
compiling main.cpp...
compiling stepper.cpp...
compiling keyboard.cpp...
linking...
Program Size: Code=1040 RO-data=16 RW-data=0 ZI-data=1256  
".\ppo.axf" - 0 Errors, 0 Warning(s).
