<html>
<body>
<pre>
<h1>µVision Build Log</h1>
<h2>Project:</h2>
C:\Users\Python\Desktop\Mateusz Gibas\8f\ppo.uvproj
Project File Date:  03/13/2024

<h2>Output:</h2>
Build target 'Target 1'
compiling main.c...
main.cpp(12): error:  #20: identifier "Led" is undefined
compiling led.cpp...
compiling main.cpp...
main.cpp(12): error:  #20: identifier "Led" is undefined
".\ppo.axf" - 2 Errors, 0 Warning(s).
Target not created
Rebuild target 'Target 1'
assembling Startup.s...
compiling led.c...
compiling main.c...
compiling led.cpp...
compiling main.cpp...
linking...
.\ppo.axf: Warning: L6304W: Duplicate input file .\led.o ignored.
.\ppo.axf: Warning: L6304W: Duplicate input file .\main.o ignored.
Program Size: Code=832 RO-data=16 RW-data=0 ZI-data=1256  
".\ppo.axf" - 0 Errors, 2 Warning(s).
Rebuild target 'Target 1'
assembling Startup.s...
compiling led.cpp...
compiling main.cpp...
linking...
Program Size: Code=832 RO-data=16 RW-data=0 ZI-data=1256  
".\ppo.axf" - 0 Errors, 0 Warning(s).
